// Jest Snapshot v1, https://goo.gl/fbAQLP

exports[`<RegistrationFieldsToGraphs /> correcly handles data 1`] = `
Array [
  Object {
    "code": "active_politician",
    "name": "Active politician",
    "value": 1,
  },
  Object {
    "code": "retired_politician",
    "name": "Retired politician",
    "value": 2,
  },
  Object {
    "code": "no",
    "name": "No",
    "value": 7,
  },
  Object {
    "code": "_blank",
    "name": "unknown",
    "value": 11,
  },
]
`;

exports[`<RegistrationFieldsToGraphs /> renders correctly 1`] = `
Array [
  <WithTheme(injectIntl(GenderChart))
    currentGroupFilter={null}
    endAt="now"
    key="0"
    startAt="someTimeAgo"
  />,
  <injectIntl(WithLocalize(AreaChart))
    currentGroupFilter={null}
    endAt="now"
    key="1"
    startAt="someTimeAgo"
  />,
  <WrappedBarChartByCategory
    convertToGraphFormat={[Function]}
    currentGroupFilter={null}
    customId="4145ae1d-da1e-4984-a043-e1269eb37cd4"
    endAt="now"
    graphTitleString="Multiselect test "
    graphUnit="users"
    key="2"
    startAt="someTimeAgo"
    stream={[Function]}
    xlsxEndpoint="/web_api/v1/stats/users_by_custom_field_as_xlsx/4145ae1d-da1e-4984-a043-e1269eb37cd4"
  />,
  <WrappedPieChartByCategory
    convertToGraphFormat={[Function]}
    currentGroupFilter={null}
    customId="a0e5a642-a67d-4f73-bb52-35af018a903c"
    endAt="now"
    graphTitleString="Are you ready ?"
    graphUnit="users"
    key="3"
    startAt="someTimeAgo"
    stream={[Function]}
    xlsxEndpoint="/web_api/v1/stats/users_by_custom_field_as_xlsx/a0e5a642-a67d-4f73-bb52-35af018a903c"
  />,
]
`;
