// Jest Snapshot v1, https://goo.gl/fbAQLP

exports[`<UserHeader /> renders correctly on some user with a bio 1`] = `
<UserHeader__Container>
  <UserHeader__UserAvatar>
    <WrappedAvatar
      size="105px"
      userId="522ae8cc-a5ed-4d31-9aa0-470904934ec6"
    />
  </UserHeader__UserAvatar>
  <UserHeader__UserInfo>
    <UserHeader__FullName
      id="e2e-usersshowpage-fullname"
    >
      Test
       
      Citizenlab
    </UserHeader__FullName>
    <UserHeader__JoinedAt>
      <FormattedMessage
        defaultMessage="Member since {date}"
        id="app.containers.UsersShowPage.memberSince"
        values={
          Object {
            "date": "November 26, 2018",
          }
        }
      />
    </UserHeader__JoinedAt>
    <UserHeader__Bio>
      <WithTheme(QuillEditedContent)>
        <T
          supportHtml={true}
          value={
            Object {
              "en": "Hi there ! ",
            }
          }
        />
      </WithTheme(QuillEditedContent)>
    </UserHeader__Bio>
  </UserHeader__UserInfo>
</UserHeader__Container>
`;

exports[`<UserHeader /> renders correctly on some user without a bio 1`] = `
<UserHeader__Container>
  <UserHeader__UserAvatar>
    <WrappedAvatar
      size="105px"
      userId="522ae8cc-a5ed-4d31-9aa0-470904934ec6"
    />
  </UserHeader__UserAvatar>
  <UserHeader__UserInfo>
    <UserHeader__FullName
      id="e2e-usersshowpage-fullname"
    >
      Test
       
      Citizenlab
    </UserHeader__FullName>
    <UserHeader__JoinedAt>
      <FormattedMessage
        defaultMessage="Member since {date}"
        id="app.containers.UsersShowPage.memberSince"
        values={
          Object {
            "date": "November 26, 2018",
          }
        }
      />
    </UserHeader__JoinedAt>
  </UserHeader__UserInfo>
</UserHeader__Container>
`;

exports[`<UserHeader /> renders correctly on your own profile 1`] = `
<UserHeader__EditProfile
  to="/profile/edit"
>
  <Component
    name="pencil"
  />
  <FormattedMessage
    defaultMessage="Edit my profile"
    id="app.containers.UsersShowPage.editProfile"
  />
</UserHeader__EditProfile>
`;

exports[`<UserHeader /> renders correctly when user is null 1`] = `null`;
