// Jest Snapshot v1, https://goo.gl/fbAQLP

exports[`<DashboardsPage /> renders correctly with a project moderator user 1`] = `
<Fragment>
  <Outlet
    formatMessage={[Function]}
    id="app.containers.Admin.dashboards.tabs"
    onData={[Function]}
  />
  <withRouter(Component)
    resource={
      Object {
        "subtitle": "Get immediate and easy-to-grasp analytics into what’s moving on the platform.",
        "title": "Dashboard",
      }
    }
    tabs={
      Array [
        Object {
          "label": "Summary",
          "name": "dashboard",
          "url": "/admin/dashboard",
        },
        Object {
          "label": "Users",
          "name": "users",
          "url": "/admin/dashboard/users",
        },
      ]
    }
  >
    <HelmetIntl
      description={
        Object {
          "defaultMessage": "Dashboard for activities on the platform",
          "id": "app.containers.AdminPage.DashboardPage.helmetDescription",
        }
      }
      title={
        Object {
          "defaultMessage": "Admin dashboard page",
          "id": "app.containers.AdminPage.DashboardPage.helmetTitle",
        }
      }
    />
    Required child
  </withRouter(Component)>
</Fragment>
`;

exports[`<DashboardsPage /> renders correctly with an admin user 1`] = `
<Fragment>
  <Outlet
    formatMessage={[Function]}
    id="app.containers.Admin.dashboards.tabs"
    onData={[Function]}
  />
  <withRouter(Component)
    resource={
      Object {
        "subtitle": "Get immediate and easy-to-grasp analytics into what’s moving on the platform.",
        "title": "Dashboard",
      }
    }
    tabs={
      Array [
        Object {
          "label": "Summary",
          "name": "dashboard",
          "url": "/admin/dashboard",
        },
        Object {
          "label": "Users",
          "name": "users",
          "url": "/admin/dashboard/users",
        },
      ]
    }
  >
    <HelmetIntl
      description={
        Object {
          "defaultMessage": "Dashboard for activities on the platform",
          "id": "app.containers.AdminPage.DashboardPage.helmetDescription",
        }
      }
      title={
        Object {
          "defaultMessage": "Admin dashboard page",
          "id": "app.containers.AdminPage.DashboardPage.helmetTitle",
        }
      }
    />
    Required child
  </withRouter(Component)>
</Fragment>
`;
