// Jest Snapshot v1, https://goo.gl/fbAQLP

exports[`IdeasMap renders correctly 1`] = `
<IdeasMap__Container>
  <a11y__ScreenReaderOnly>
    <FormattedMessage
      defaultMessage="Map overview"
      id="app.components.IdeasMap.a11y_mapTitle"
    />
  </a11y__ScreenReaderOnly>
  <Memo()
    boxContent={null}
    fitBounds={true}
    onBoxClose={[Function]}
    onMapClick={[Function]}
    onMarkerClick={[Function]}
    points={Array []}
    projectId="379cac45-d26b-505c-9215-b2677a693d37"
  />
  <IdeasMap__IdeaButtonWrapper
    className="create-idea-wrapper"
  >
    <_default
      inMap={true}
      latLng={null}
      participationContextType="phase"
      phaseId="c43968d3-171e-570c-8b71-f5fc0e55bbfa"
      projectId="379cac45-d26b-505c-9215-b2677a693d37"
    />
  </IdeasMap__IdeaButtonWrapper>
</IdeasMap__Container>
`;
