// Jest Snapshot v1, https://goo.gl/fbAQLP

exports[`<OfficialFeedbackPost /> renders correctly for admin 1`] = `
<OfficialFeedbackPost__PostContainer
  className="e2e-official-feedback-post "
  key="feedbackId1"
>
  <OfficialFeedbackPost__StyledMoreActionsMenu
    actions={
      [
        {
          "handler": [Function],
          "label": <FormattedMessage
            defaultMessage="Edit"
            id="app.components.PostComponents.OfficialFeedback.editOfficialFeedbackPost"
          />,
          "name": "edit",
        },
        {
          "handler": [Function],
          "label": <FormattedMessage
            defaultMessage="Delete"
            id="app.components.PostComponents.OfficialFeedback.deleteOfficialFeedbackPost"
          />,
          "name": "delete",
        },
      ]
    }
    label="Show more actions"
  />
  <a11y__ScreenReaderOnly
    aria-live="polite"
  />
  <QuillEditedContent
    fontWeight={400}
  >
    <OfficialFeedbackPost__Body
      className="e2e-official-feedback-post-body"
    >
      <div
        dangerouslySetInnerHTML={
          {
            "__html": "Update: Do Not Keep Calm, please panic now. End of transmission.",
          }
        }
      />
    </OfficialFeedbackPost__Body>
    <OfficialFeedbackPost__Footer>
      <OfficialFeedbackPost__Author
        className="e2e-official-feedback-post-author"
      >
        <T
          value={
            {
              "en": "Testing Official Department",
            }
          }
        />
      </OfficialFeedbackPost__Author>
      <OfficialFeedbackPost__DatesPostedEdited>
        <OfficialFeedbackPost__DatePosted>
          <FormattedMessage
            defaultMessage="Posted on {date}"
            id="app.components.PostComponents.OfficialFeedback.postedOn"
            values={
              {
                "date": <FormattedDate
                  day="numeric"
                  month="long"
                  value="2012-01-01T04:06:07.000Z"
                  year="numeric"
                />,
              }
            }
          />
        </OfficialFeedbackPost__DatePosted>
        <OfficialFeedbackPost__DatesSpacer>
          -
        </OfficialFeedbackPost__DatesSpacer>
        <OfficialFeedbackPost__DateEdited>
          <FormattedMessage
            defaultMessage="Last edited on {date}"
            id="app.components.PostComponents.OfficialFeedback.lastEdition"
            values={
              {
                "date": <FormattedDate
                  day="numeric"
                  month="long"
                  value="2011-01-01T04:26:07.000Z"
                  year="numeric"
                />,
              }
            }
          />
        </OfficialFeedbackPost__DateEdited>
      </OfficialFeedbackPost__DatesPostedEdited>
    </OfficialFeedbackPost__Footer>
  </QuillEditedContent>
</OfficialFeedbackPost__PostContainer>
`;

exports[`<OfficialFeedbackPost /> renders correctly for non-admin 1`] = `
<OfficialFeedbackPost__PostContainer
  className="e2e-official-feedback-post "
  key="feedbackId1"
>
  <a11y__ScreenReaderOnly
    aria-live="polite"
  />
  <QuillEditedContent
    fontWeight={400}
  >
    <OfficialFeedbackPost__Body
      className="e2e-official-feedback-post-body"
    >
      <div
        dangerouslySetInnerHTML={
          {
            "__html": "Update: Do Not Keep Calm, please panic now. End of transmission.",
          }
        }
      />
    </OfficialFeedbackPost__Body>
    <OfficialFeedbackPost__Footer>
      <OfficialFeedbackPost__Author
        className="e2e-official-feedback-post-author"
      >
        <T
          value={
            {
              "en": "Testing Official Department",
            }
          }
        />
      </OfficialFeedbackPost__Author>
      <OfficialFeedbackPost__DatesPostedEdited>
        <OfficialFeedbackPost__DatePosted>
          <FormattedMessage
            defaultMessage="Posted on {date}"
            id="app.components.PostComponents.OfficialFeedback.postedOn"
            values={
              {
                "date": <FormattedDate
                  day="numeric"
                  month="long"
                  value="2012-01-01T04:06:07.000Z"
                  year="numeric"
                />,
              }
            }
          />
        </OfficialFeedbackPost__DatePosted>
        <OfficialFeedbackPost__DatesSpacer>
          -
        </OfficialFeedbackPost__DatesSpacer>
        <OfficialFeedbackPost__DateEdited>
          <FormattedMessage
            defaultMessage="Last edited on {date}"
            id="app.components.PostComponents.OfficialFeedback.lastEdition"
            values={
              {
                "date": <FormattedDate
                  day="numeric"
                  month="long"
                  value="2011-01-01T04:26:07.000Z"
                  year="numeric"
                />,
              }
            }
          />
        </OfficialFeedbackPost__DateEdited>
      </OfficialFeedbackPost__DatesPostedEdited>
    </OfficialFeedbackPost__Footer>
  </QuillEditedContent>
</OfficialFeedbackPost__PostContainer>
`;
