// Jest Snapshot v1, https://goo.gl/fbAQLP

exports[`<DashboardsPage /> renders correctly with a project moderator user 1`] = `
<Component
  onlyModerator={true}
/>
`;

exports[`<DashboardsPage /> renders correctly with an admin user 1`] = `
<withRouter(TabbedResource)
  resource={
    Object {
      "subtitle": "Get immediate and easy-to-grasp analytics into whatâ€™s moving on the platform.",
      "title": "Dashboard",
    }
  }
  tabs={
    Array [
      Object {
        "label": "Summary",
        "url": "/admin/dashboard",
      },
      Object {
        "label": "Users",
        "url": "/admin/dashboard/users",
      },
    ]
  }
>
  <HelmetIntl
    description={
      Object {
        "defaultMessage": "Dashboard for activities on the platform",
        "id": "app.containers.AdminPage.DashboardPage.helmetDescription",
      }
    }
    title={
      Object {
        "defaultMessage": "Admin dashboard page",
        "id": "app.containers.AdminPage.DashboardPage.helmetTitle",
      }
    }
  />
</withRouter(TabbedResource)>
`;
