// Jest Snapshot v1, https://goo.gl/fbAQLP

exports[`<UsersShowPage /> renders correctly by default 1`] = `
<Fragment>
  <WrappedUsersShowPageMeta
    user={
      {
        "attributes": {
          "avatar": {
            "large": null,
            "medium": null,
            "small": null,
          },
          "bio_multiloc": {},
          "confirmation_required": false,
          "created_at": "2018-11-26T15:41:19.782Z",
          "custom_field_values": {
            "birthyear": 1990,
            "domicile": "outside",
            "gender": "female",
            "politician": "retired_politician",
          },
          "email": "test@citizenlab.co",
          "first_name": "Test",
          "highest_role": "user",
          "invite_status": null,
          "last_name": "Citizenlab",
          "locale": "en",
          "registration_completed_at": "2018-11-26T15:40:54.355Z",
          "roles": [],
          "slug": "test-citizenlab",
          "unread_notifications": 0,
          "updated_at": "2018-11-26T15:41:19.782Z",
        },
        "id": "522ae8cc-a5ed-4d31-9aa0-470904934ec6",
        "relationships": {
          "granted_permissions": {
            "data": [],
          },
        },
        "type": "user",
      }
    }
  />
  <UsersShowPage__Container
    id="e2e-usersshowpage"
  >
    <UserHeader
      userSlug="test-citizenlab"
    />
    <WrappedUserNavbar
      currentTab="ideas"
      selectTab={[Function]}
      userId="522ae8cc-a5ed-4d31-9aa0-470904934ec6"
    />
    <UsersShowPage__StyledContentContainer
      maxWidth={1166}
    >
      <UsersShowPage__UserIdeas>
        <Memo()
          authorId="522ae8cc-a5ed-4d31-9aa0-470904934ec6"
          invisibleTitleMessage={
            {
              "defaultMessage": "All posts submitted by this participant",
              "id": "app.containers.UsersShowPage.invisibleTitlePostsList",
            }
          }
          type="load-more"
        />
      </UsersShowPage__UserIdeas>
    </UsersShowPage__StyledContentContainer>
  </UsersShowPage__Container>
</Fragment>
`;

exports[`<UsersShowPage /> renders correctly on the other tab 1`] = `
<Fragment>
  <WrappedUsersShowPageMeta
    user={
      {
        "attributes": {
          "avatar": {
            "large": null,
            "medium": null,
            "small": null,
          },
          "bio_multiloc": {},
          "confirmation_required": false,
          "created_at": "2018-11-26T15:41:19.782Z",
          "custom_field_values": {
            "birthyear": 1990,
            "domicile": "outside",
            "gender": "female",
            "politician": "retired_politician",
          },
          "email": "test@citizenlab.co",
          "first_name": "Test",
          "highest_role": "user",
          "invite_status": null,
          "last_name": "Citizenlab",
          "locale": "en",
          "registration_completed_at": "2018-11-26T15:40:54.355Z",
          "roles": [],
          "slug": "test-citizenlab",
          "unread_notifications": 0,
          "updated_at": "2018-11-26T15:41:19.782Z",
        },
        "id": "522ae8cc-a5ed-4d31-9aa0-470904934ec6",
        "relationships": {
          "granted_permissions": {
            "data": [],
          },
        },
        "type": "user",
      }
    }
  />
  <UsersShowPage__Container
    id="e2e-usersshowpage"
  >
    <UserHeader
      userSlug="test-citizenlab"
    />
    <WrappedUserNavbar
      currentTab="ideas"
      selectTab={[Function]}
      userId="522ae8cc-a5ed-4d31-9aa0-470904934ec6"
    />
    <UsersShowPage__StyledContentContainer
      maxWidth={1166}
    >
      <UsersShowPage__UserIdeas>
        <Memo()
          authorId="522ae8cc-a5ed-4d31-9aa0-470904934ec6"
          invisibleTitleMessage={
            {
              "defaultMessage": "All posts submitted by this participant",
              "id": "app.containers.UsersShowPage.invisibleTitlePostsList",
            }
          }
          type="load-more"
        />
      </UsersShowPage__UserIdeas>
    </UsersShowPage__StyledContentContainer>
  </UsersShowPage__Container>
</Fragment>
`;

exports[`<UsersShowPage /> renders correctly with an erroneous user 1`] = `
<UsersShowPage__NotFoundContainer
  className=""
>
  <HelmetWrapper
    defer={true}
    encodeSpecialCharacters={true}
  >
    <meta
      content="404"
      name="prerender-status-code"
    />
  </HelmetWrapper>
  <p>
    We couldn't find this user's profile. If it was here before, it may have been deleted.
  </p>
  <ButtonWrapper
    icon="arrow-left"
    linkTo="/"
    text="Go back to the previous page"
  />
</UsersShowPage__NotFoundContainer>
`;
