// Jest Snapshot v1, https://goo.gl/fbAQLP

exports[`<IdeaContent /> renders correctly when an idea is provided 1`] = `
<Container>
  <Top>
    <Button
      buttonStyle="text"
      icon="edit"
      onClick={[MockFunction]}
    >
      <FormattedMessage
        defaultMessage="Edit"
        id="app.components.admin.PostManager.PostPreview.edit"
      />
    </Button>
    <Button
      buttonStyle="text"
      icon="delete"
      onClick={[Function]}
    >
      <FormattedMessage
        defaultMessage="Delete"
        id="app.components.admin.PostManager.PostPreview.delete"
      />
    </Button>
  </Top>
  <Content>
    <IdeaContent__BelongsToProject>
      <FormattedMessage
        defaultMessage="Posted in {projectLink}"
        id="app.containers.IdeasShow.postedIn"
        values={
          Object {
            "projectLink": <IdeaContent__ProjectLink
              className="e2e-project-link"
              to="/projects/undefined_slug"
            >
              <T
                value={
                  Object {
                    "en": "undefined project Title",
                  }
                }
              />
            </IdeaContent__ProjectLink>,
          }
        }
      />
    </IdeaContent__BelongsToProject>
    <IdeaContent__StyledTitle
      postId="myIdeasiD"
      postType="idea"
      title="Doloribus quam molestiae ut."
    />
    <IdeaContent__StyledPostedBy
      authorId="8ea3a61c-e1bd-4756-a54d-c092553abccd"
      ideaId="myIdeasiD"
    />
    <IdeaContent__Row>
      <IdeaContent__Left>
        <IdeaContent__BodySectionTitle>
          <FormattedMessage
            defaultMessage="Proposed budget"
            id="app.containers.IdeasShow.proposedBudgetTitle"
          />
        </IdeaContent__BodySectionTitle>
        <IdeaProposedBudget
          proposedBudget={45}
        />
        <IdeaContent__BodySectionTitle>
          <FormattedMessage
            defaultMessage="Description"
            id="app.containers.IdeasShow.bodyTitle"
          />
        </IdeaContent__BodySectionTitle>
        <IdeaContent__StyledBody
          body="<p>Ea ea aut. Quasi corrupti iste. Delectus eum voluptates.</p><p>Est harum voluptates. Et fugit enim. Suscipit inventore ullam.</p><p>Eos mollitia omnis. Laudantium porro perferendis. Minus in aut.</p>"
          locale="en"
          postId="myIdeasiD"
          postType="idea"
        />
        <IdeaContent__StyledMap
          address="50° 52′ 8.38577″ N 4° 25′ 7.43365″ E"
          position={
            Object {
              "coordinates": Array [
                4.418731568531502,
                50.86899604801978,
              ],
              "type": "Point",
            }
          }
        />
        <IdeaContent__StyledOfficialFeedback
          permissionToPost={true}
          postId="myIdeasiD"
          postType="idea"
        />
        <IdeaContent__StyledComments
          postId="myIdeasiD"
          postType="idea"
        />
      </IdeaContent__Left>
      <IdeaContent__Right>
        <VotePreview
          ideaId="myIdeasiD"
        />
        <IdeaContent__BudgetBox>
          <FormattedBudget
            value={60}
          />
          <IdeaContent__Picks>
            <FormattedMessage
              defaultMessage="Picks: {picksNumber}"
              id="app.components.admin.PostManager.PostPreview.picks"
              values={
                Object {
                  "picksNumber": 0,
                }
              }
            />
             
            <IconTooltip
              content={
                <FormattedMessage
                  defaultMessage="The number of times this has been included in other participants' participatory budgets"
                  id="app.components.admin.PostManager.PostPreview.pbItemCountTooltip"
                />
              }
            />
          </IdeaContent__Picks>
        </IdeaContent__BudgetBox>
        <FeedbackSettings
          ideaId="myIdeasiD"
        />
      </IdeaContent__Right>
    </IdeaContent__Row>
  </Content>
</Container>
`;

exports[`<IdeaContent /> renders correctly when ideaId is not defined 1`] = `""`;
