// Jest Snapshot v1, https://goo.gl/fbAQLP

exports[`<QuestionDetailsForm/> display displays correctly for a single choice question 1`] = `
<Row>
  <QuestionDetailsForm__FormContainer>
    <Select
      onChange={[Function]}
      options={
        Array [
          Object {
            "label": "Single choice",
            "value": "single_option",
          },
          Object {
            "label": "Multiple choice",
            "value": "multiple_options",
          },
        ]
      }
      value="single_option"
    />
  </QuestionDetailsForm__FormContainer>
  <QuestionDetailsForm__FormContainer>
    <WrongMaxChoiceIndicator
      maxAnswers={null}
      questionId="questionId"
    />
    <Button
      className="e2e-form-question-settings-save"
      disabled={true}
      onClick={[Function]}
      style="secondary"
    >
      <FormattedMessage
        defaultMessage="Save number of choices"
        id="app.containers.AdminPage.ProjectEdit.PollTab.saveQuestionSettings"
      />
    </Button>
  </QuestionDetailsForm__FormContainer>
</Row>
`;
