// Jest Snapshot v1, https://goo.gl/fbAQLP

exports[`<Container /> renders correclty when no destinations are allowed by the tenant 1`] = `
<Fragment>
  <Modal
    close={[Function]}
    footer={
      <Footer
        handleCancel={[Function]}
        handleCancelBack={[Function]}
        handleCancelConfirm={[Function]}
        handleSave={[Function]}
        mode="preferenceForm"
        validate={[Function]}
      />
    }
    header={
      <FormattedMessage
        defaultMessage="Your cookie preferences"
        id="app.components.ConsentManager.Modal.PreferencesDialog.title"
      />
    }
    opened={true}
  >
    <PreferencesDialog
      categoryDestinations={
        {
          "advertising": [],
          "analytics": [
            "google_analytics",
          ],
          "functional": [
            "intercom",
          ],
        }
      }
      onChange={[Function]}
      preferences={
        {
          "advertising": undefined,
          "analytics": undefined,
          "functional": undefined,
        }
      }
    />
  </Modal>
</Fragment>
`;
