// Jest Snapshot v1, https://goo.gl/fbAQLP

exports[`<Comment /> should render a list of nested comments 1`] = `
<div
  className={undefined}
>
  <div
    className="ui minimal comments"
  />
</div>
`;
