// Jest Snapshot v1, https://goo.gl/fbAQLP

exports[`IdeasMap renders correctly 1`] = `
<IdeasMap__Container>
  <accessibility__ScreenReaderOnly>
    <FormattedMessage
      defaultMessage="Map with overview of ideas based on location"
      id="app.components.IdeasMap.mapTitle"
    />
  </accessibility__ScreenReaderOnly>
  <IdeasMap__StyledMap
    boxContent={null}
    fitBounds={true}
    onBoxClose={[Function]}
    onMapClick={[Function]}
    onMarkerClick={[Function]}
    points={Array []}
  />
  <div
    className="create-idea-wrapper"
  >
    <Component
      onClick={[Function]}
      participationContextType="phase"
      phaseId="c43968d3-171e-570c-8b71-f5fc0e55bbfa"
      projectId="379cac45-d26b-505c-9215-b2677a693d37"
    />
  </div>
</IdeasMap__Container>
`;
